Reading netlist file: "C:\Users\darkness\Downloads\TangNano-9K-example-main\TangNano-9K-example-main\uart\impl\gwsynthesis\uart_Hello.vg"
Parsing netlist file "C:\Users\darkness\Downloads\TangNano-9K-example-main\TangNano-9K-example-main\uart\impl\gwsynthesis\uart_Hello.vg" completed
Processing netlist completed
Reading constraint file: "C:\Users\darkness\Downloads\TangNano-9K-example-main\TangNano-9K-example-main\uart\src\top.cst"
Physical Constraint parsed completed
Running placement......
[10%] Placement Phase 0 completed
[20%] Placement Phase 1 completed
[30%] Placement Phase 2 completed
WARN  (TA1132) :  'clk' was determined to be a clock but was not created.
[50%] Placement Phase 3 completed
Running routing......
[60%] Routing Phase 0 completed
[70%] Routing Phase 1 completed
[80%] Routing Phase 2 completed
[90%] Routing Phase 3 completed
Running timing analysis......
[95%] Timing analysis completed
Placement and routing completed
Bitstream generation in progress......
Bitstream generation completed
Running power analysis......
[100%] Power analysis completed
Generate file "C:\Users\darkness\Downloads\TangNano-9K-example-main\TangNano-9K-example-main\uart\impl\pnr\uart_Hello.power.html" completed
Generate file "C:\Users\darkness\Downloads\TangNano-9K-example-main\TangNano-9K-example-main\uart\impl\pnr\uart_Hello.pin.html" completed
Generate file "C:\Users\darkness\Downloads\TangNano-9K-example-main\TangNano-9K-example-main\uart\impl\pnr\uart_Hello.rpt.html" completed
Generate file "C:\Users\darkness\Downloads\TangNano-9K-example-main\TangNano-9K-example-main\uart\impl\pnr\uart_Hello.rpt.txt" completed
Generate file "C:\Users\darkness\Downloads\TangNano-9K-example-main\TangNano-9K-example-main\uart\impl\pnr\uart_Hello.tr.html" completed
Fri May  8 00:28:32 2026

